// Vitest Snapshot v1, https://vitest.dev/guide/snapshot.html

exports[`vitest config test > should handle empty configuration objects 1`] = `
"
import { defineConfig } from 'vite';
export default defineConfig({
  base: "/new-base"
});
"
`;

exports[`vitest config test > should test formatting logic to source file 1`] = `
"import { defineConfig } from 'vite';
// https://vite.dev/config/
export default defineConfig({
  plugins: [foo()],
  base: "test"
});
"
`;

exports[`vitest config test > should test formatting logic to sourse file 1`] = `
"import { defineConfig } from 'vite';
// https://vite.dev/config/
export default defineConfig({
  plugins: [foo()],
  base: "test"
});
"
`;
